Copyright 1986-2017 Xilinx, Inc. All Rights Reserved.
------------------------------------------------------------------------------------
| Tool Version : Vivado v.2017.3 (lin64) Build 2018833 Wed Oct  4 19:58:07 MDT 2017
| Date         : Sun Jul 22 15:53:04 2018
| Host         : ubuntu running 64-bit Ubuntu 16.04.5 LTS
| Command      : report_control_sets -file thinpad_top_control_sets_placed.rpt
| Design       : thinpad_top
| Device       : xc7a100t
------------------------------------------------------------------------------------

Control Set Information

Table of Contents
-----------------
1. Summary
2. Flip-Flop Distribution

1. Summary
----------

+-------------------------------+-------+
|             Status            | Count |
+-------------------------------+-------+
| Number of unique control sets |   144 |
+-------------------------------+-------+


2. Flip-Flop Distribution
-------------------------

+--------------+-----------------------+------------------------+-----------------+--------------+
| Clock Enable | Synchronous Set/Reset | Asynchronous Set/Reset | Total Registers | Total Slices |
+--------------+-----------------------+------------------------+-----------------+--------------+
| No           | No                    | No                     |              75 |           40 |
| No           | No                    | Yes                    |              15 |            8 |
| No           | Yes                   | No                     |             699 |          336 |
| Yes          | No                    | No                     |             111 |           44 |
| Yes          | No                    | Yes                    |               0 |            0 |
| Yes          | Yes                   | No                     |            2542 |         1154 |
+--------------+-----------------------+------------------------+-----------------+--------------+


